#-----------------------------------------------------------
# Vivado v2017.4 (64-bit)
# SW Build 2086221 on Fri Dec 15 20:55:39 MST 2017
# IP Build 2085800 on Fri Dec 15 22:25:07 MST 2017
# Start of session at: Sun Dec 17 18:56:18 2023
# Process ID: 12880
# Current directory: C:/Users/Administrator/Documents/GitHub/Piano
# Command line: vivado.exe -gui_launcher_event rodinguilauncherevent11284 C:\Users\Administrator\Documents\GitHub\Piano\piano.xpr
# Log file: C:/Users/Administrator/Documents/GitHub/Piano/vivado.log
# Journal file: C:/Users/Administrator/Documents/GitHub/Piano\vivado.jou
#-----------------------------------------------------------
start_gui
open_project C:/Users/Administrator/Documents/GitHub/Piano/piano.xpr
update_compile_order -fileset sources_1
reset_run synth_1
launch_runs synth_1 -jobs 8
wait_on_run synth_1
launch_runs impl_1 -jobs 8
wait_on_run impl_1
open_run impl_1
launch_runs impl_1 -to_step write_bitstream -jobs 8
wait_on_run impl_1
open_hw
connect_hw_server
open_hw_target
set_property PROGRAM.FILE {C:/Users/Administrator/Documents/GitHub/Piano/piano.runs/impl_1/learning_mode.bit} [get_hw_devices xc7a35t_0]
current_hw_device [get_hw_devices xc7a35t_0]
refresh_hw_device -update_hw_probes false [lindex [get_hw_devices xc7a35t_0] 0]
set_property PROBES.FILE {} [get_hw_devices xc7a35t_0]
set_property FULL_PROBES.FILE {} [get_hw_devices xc7a35t_0]
set_property PROGRAM.FILE {C:/Users/Administrator/Documents/GitHub/Piano/piano.runs/impl_1/learning_mode.bit} [get_hw_devices xc7a35t_0]
program_hw_devices [get_hw_devices xc7a35t_0]
refresh_hw_device [lindex [get_hw_devices xc7a35t_0] 0]
reset_run impl_1 -prev_step 
launch_runs impl_1 -to_step write_bitstream -jobs 8
wait_on_run impl_1
set_property PROBES.FILE {} [get_hw_devices xc7a35t_0]
set_property FULL_PROBES.FILE {} [get_hw_devices xc7a35t_0]
set_property PROGRAM.FILE {C:/Users/Administrator/Documents/GitHub/Piano/piano.runs/impl_1/learning_mode.bit} [get_hw_devices xc7a35t_0]
program_hw_devices [get_hw_devices xc7a35t_0]
refresh_hw_device [lindex [get_hw_devices xc7a35t_0] 0]
reset_run synth_1
launch_runs impl_1 -to_step write_bitstream -jobs 8
wait_on_run impl_1
set_property PROBES.FILE {} [get_hw_devices xc7a35t_0]
set_property FULL_PROBES.FILE {} [get_hw_devices xc7a35t_0]
set_property PROGRAM.FILE {C:/Users/Administrator/Documents/GitHub/Piano/piano.runs/impl_1/learning_mode.bit} [get_hw_devices xc7a35t_0]
program_hw_devices [get_hw_devices xc7a35t_0]
refresh_hw_device [lindex [get_hw_devices xc7a35t_0] 0]
reset_run impl_1 -prev_step 
launch_runs impl_1 -to_step write_bitstream -jobs 8
wait_on_run impl_1
set_property PROBES.FILE {} [get_hw_devices xc7a35t_0]
set_property FULL_PROBES.FILE {} [get_hw_devices xc7a35t_0]
set_property PROGRAM.FILE {C:/Users/Administrator/Documents/GitHub/Piano/piano.runs/impl_1/learning_mode.bit} [get_hw_devices xc7a35t_0]
program_hw_devices [get_hw_devices xc7a35t_0]
refresh_hw_device [lindex [get_hw_devices xc7a35t_0] 0]
reset_run synth_1
launch_runs impl_1 -jobs 8
wait_on_run impl_1
launch_runs impl_1 -to_step write_bitstream -jobs 8
wait_on_run impl_1
set_property PROBES.FILE {} [get_hw_devices xc7a35t_0]
set_property FULL_PROBES.FILE {} [get_hw_devices xc7a35t_0]
set_property PROGRAM.FILE {C:/Users/Administrator/Documents/GitHub/Piano/piano.runs/impl_1/learning_mode.bit} [get_hw_devices xc7a35t_0]
program_hw_devices [get_hw_devices xc7a35t_0]
refresh_hw_device [lindex [get_hw_devices xc7a35t_0] 0]
reset_run impl_1 -prev_step 
launch_runs impl_1 -to_step write_bitstream -jobs 8
wait_on_run impl_1
set_property PROBES.FILE {} [get_hw_devices xc7a35t_0]
set_property FULL_PROBES.FILE {} [get_hw_devices xc7a35t_0]
set_property PROGRAM.FILE {C:/Users/Administrator/Documents/GitHub/Piano/piano.runs/impl_1/learning_mode.bit} [get_hw_devices xc7a35t_0]
program_hw_devices [get_hw_devices xc7a35t_0]
refresh_hw_device [lindex [get_hw_devices xc7a35t_0] 0]
reset_run synth_1
launch_runs impl_1 -jobs 8
wait_on_run impl_1
launch_runs impl_1 -to_step write_bitstream -jobs 8
wait_on_run impl_1
set_property PROBES.FILE {} [get_hw_devices xc7a35t_0]
set_property FULL_PROBES.FILE {} [get_hw_devices xc7a35t_0]
set_property PROGRAM.FILE {C:/Users/Administrator/Documents/GitHub/Piano/piano.runs/impl_1/learning_mode.bit} [get_hw_devices xc7a35t_0]
program_hw_devices [get_hw_devices xc7a35t_0]
refresh_hw_device [lindex [get_hw_devices xc7a35t_0] 0]
reset_run impl_1
launch_runs impl_1 -jobs 8
wait_on_run impl_1
reset_run synth_1
launch_runs impl_1 -to_step write_bitstream -jobs 8
wait_on_run impl_1
reset_run synth_1
launch_runs impl_1 -to_step write_bitstream -jobs 8
wait_on_run impl_1
reset_run impl_1
reset_run synth_1
launch_runs impl_1 -to_step write_bitstream -jobs 8
wait_on_run impl_1
set_property PROBES.FILE {} [get_hw_devices xc7a35t_0]
set_property FULL_PROBES.FILE {} [get_hw_devices xc7a35t_0]
set_property PROGRAM.FILE {C:/Users/Administrator/Documents/GitHub/Piano/piano.runs/impl_1/learning_mode.bit} [get_hw_devices xc7a35t_0]
program_hw_devices [get_hw_devices xc7a35t_0]
refresh_hw_device [lindex [get_hw_devices xc7a35t_0] 0]
reset_run impl_1
launch_runs impl_1 -jobs 8
wait_on_run impl_1
reset_run synth_1
launch_runs impl_1 -to_step write_bitstream -jobs 8
wait_on_run impl_1
set_property PROBES.FILE {} [get_hw_devices xc7a35t_0]
set_property FULL_PROBES.FILE {} [get_hw_devices xc7a35t_0]
set_property PROGRAM.FILE {C:/Users/Administrator/Documents/GitHub/Piano/piano.runs/impl_1/learning_mode.bit} [get_hw_devices xc7a35t_0]
program_hw_devices [get_hw_devices xc7a35t_0]
refresh_hw_device [lindex [get_hw_devices xc7a35t_0] 0]
reset_run impl_1
launch_runs impl_1 -jobs 8
wait_on_run impl_1
reset_run synth_1
launch_runs impl_1 -to_step write_bitstream -jobs 8
wait_on_run impl_1
set_property PROBES.FILE {} [get_hw_devices xc7a35t_0]
set_property FULL_PROBES.FILE {} [get_hw_devices xc7a35t_0]
set_property PROGRAM.FILE {C:/Users/Administrator/Documents/GitHub/Piano/piano.runs/impl_1/learning_mode.bit} [get_hw_devices xc7a35t_0]
program_hw_devices [get_hw_devices xc7a35t_0]
refresh_hw_device [lindex [get_hw_devices xc7a35t_0] 0]
reset_run impl_1
launch_runs impl_1 -jobs 8
wait_on_run impl_1
reset_run synth_1
launch_runs impl_1 -to_step write_bitstream -jobs 8
wait_on_run impl_1
set_property PROBES.FILE {} [get_hw_devices xc7a35t_0]
set_property FULL_PROBES.FILE {} [get_hw_devices xc7a35t_0]
set_property PROGRAM.FILE {C:/Users/Administrator/Documents/GitHub/Piano/piano.runs/impl_1/learning_mode.bit} [get_hw_devices xc7a35t_0]
program_hw_devices [get_hw_devices xc7a35t_0]
refresh_hw_device [lindex [get_hw_devices xc7a35t_0] 0]
reset_run impl_1
launch_runs impl_1 -jobs 8
wait_on_run impl_1
reset_run synth_1
launch_runs impl_1 -to_step write_bitstream -jobs 8
wait_on_run impl_1
set_property PROBES.FILE {} [get_hw_devices xc7a35t_0]
set_property FULL_PROBES.FILE {} [get_hw_devices xc7a35t_0]
set_property PROGRAM.FILE {C:/Users/Administrator/Documents/GitHub/Piano/piano.runs/impl_1/learning_mode.bit} [get_hw_devices xc7a35t_0]
program_hw_devices [get_hw_devices xc7a35t_0]
refresh_hw_device [lindex [get_hw_devices xc7a35t_0] 0]
reset_run impl_1 -prev_step 
launch_runs impl_1 -to_step write_bitstream -jobs 8
wait_on_run impl_1
set_property PROBES.FILE {} [get_hw_devices xc7a35t_0]
set_property FULL_PROBES.FILE {} [get_hw_devices xc7a35t_0]
set_property PROGRAM.FILE {C:/Users/Administrator/Documents/GitHub/Piano/piano.runs/impl_1/learning_mode.bit} [get_hw_devices xc7a35t_0]
program_hw_devices [get_hw_devices xc7a35t_0]
refresh_hw_device [lindex [get_hw_devices xc7a35t_0] 0]
close [ open C:/Users/Administrator/Documents/GitHub/Piano/piano.srcs/sources_1/new/learn_song2.v w ]
add_files C:/Users/Administrator/Documents/GitHub/Piano/piano.srcs/sources_1/new/learn_song2.v
update_compile_order -fileset sources_1
close [ open C:/Users/Administrator/Documents/GitHub/Piano/piano.srcs/sources_1/new/seven_seg.v w ]
add_files C:/Users/Administrator/Documents/GitHub/Piano/piano.srcs/sources_1/new/seven_seg.v
update_compile_order -fileset sources_1
export_ip_user_files -of_objects  [get_files C:/Users/Administrator/Documents/GitHub/Piano/piano.srcs/sources_1/new/seven_seg.v] -no_script -reset -force -quiet
remove_files  C:/Users/Administrator/Documents/GitHub/Piano/piano.srcs/sources_1/new/seven_seg.v
remove_files  C:/Users/Administrator/Documents/GitHub/Piano/piano.srcs/sources_1/new/seven_seg.v
close [ open C:/Users/Administrator/Documents/GitHub/Piano/piano.srcs/sources_1/new/mistake_counter.v w ]
add_files C:/Users/Administrator/Documents/GitHub/Piano/piano.srcs/sources_1/new/mistake_counter.v
update_compile_order -fileset sources_1
disconnect_hw_server
connect_hw_server
reset_run synth_1
launch_runs impl_1 -jobs 8
wait_on_run impl_1
reset_run impl_1
launch_runs impl_1 -jobs 8
wait_on_run impl_1
update_compile_order -fileset sources_1
reset_run synth_1
launch_runs impl_1 -jobs 8
wait_on_run impl_1
refresh_design
set_property IOSTANDARD LVCMOS33 [get_ports [list {display_d1[7]} {display_d1[6]} {display_d1[5]} {display_d1[4]} {display_d1[3]} {display_d1[2]} {display_d1[1]} {display_d1[0]}]]
set_property IOSTANDARD LVCMOS33 [get_ports [list {display_d2[7]} {display_d2[6]} {display_d2[5]} {display_d2[4]} {display_d2[3]} {display_d2[2]} {display_d2[1]} {display_d2[0]}]]
place_ports {display_d1[7]} B4
place_ports {display_d1[6]} A4
place_ports {display_d1[5]} A3
place_ports {display_d1[4]} B1
place_ports {display_d1[3]} A1
place_ports {display_d1[2]} B3
place_ports {display_d1[1]} B2
place_ports {display_d1[0]} D5
set_property IOSTANDARD LVCMOS33 [get_ports [list tub_d1]]
set_property IOSTANDARD LVCMOS33 [get_ports [list tub_d2]]
place_ports tub_d1 G6
place_ports tub_d2 E1
save_constraints
reset_run impl_1
launch_runs impl_1 -jobs 8
wait_on_run impl_1
refresh_design
reset_run synth_1
launch_runs impl_1 -to_step write_bitstream -jobs 8
wait_on_run impl_1
place_ports {display_d2[7]} D4
place_ports {display_d2[6]} E3
place_ports {display_d2[5]} D3
place_ports {display_d2[4]} F4
place_ports {display_d2[3]} F3
place_ports {display_d2[2]} E2
place_ports {display_d2[1]} D2
place_ports {display_d2[0]} H2
save_constraints -force
reset_run impl_1
launch_runs impl_1 -to_step write_bitstream -jobs 8
wait_on_run impl_1
startgroup
set_property package_pin "" [get_ports [list  {display_d2[7]}]]
place_ports {display_d2[0]} D4
endgroup
startgroup
set_property package_pin "" [get_ports [list  {display_d2[6]}]]
place_ports {display_d2[1]} E3
endgroup
startgroup
set_property package_pin "" [get_ports [list  {display_d2[5]}]]
place_ports {display_d2[2]} D3
endgroup
startgroup
set_property package_pin "" [get_ports [list  {display_d2[4]}]]
place_ports {display_d2[3]} F4
endgroup
place_ports {display_d2[4]} F3
place_ports {display_d2[5]} E2
place_ports {display_d2[6]} D2
place_ports {display_d2[7]} H2
startgroup
set_property package_pin "" [get_ports [list  {display_d1[7]}]]
place_ports {display_d1[0]} B4
endgroup
startgroup
set_property package_pin "" [get_ports [list  {display_d1[6]}]]
place_ports {display_d1[1]} A4
endgroup
startgroup
set_property package_pin "" [get_ports [list  {display_d1[5]}]]
place_ports {display_d1[2]} A3
endgroup
startgroup
set_property package_pin "" [get_ports [list  {display_d1[4]}]]
place_ports {display_d1[3]} B1
endgroup
place_ports {display_d1[4]} A1
place_ports {display_d1[5]} B3
place_ports {display_d1[6]} B2
place_ports {display_d1[7]} D5
save_constraints -force
reset_run impl_1
reset_run synth_1
launch_runs impl_1 -to_step write_bitstream -jobs 8
wait_on_run impl_1
set_property PROBES.FILE {} [get_hw_devices xc7a35t_0]
set_property FULL_PROBES.FILE {} [get_hw_devices xc7a35t_0]
set_property PROGRAM.FILE {C:/Users/Administrator/Documents/GitHub/Piano/piano.runs/impl_1/learning_mode.bit} [get_hw_devices xc7a35t_0]
program_hw_devices [get_hw_devices xc7a35t_0]
refresh_hw_device [lindex [get_hw_devices xc7a35t_0] 0]
reset_run impl_1 -prev_step 
launch_runs impl_1 -to_step write_bitstream -jobs 8
wait_on_run impl_1
set_property PROBES.FILE {} [get_hw_devices xc7a35t_0]
set_property FULL_PROBES.FILE {} [get_hw_devices xc7a35t_0]
set_property PROGRAM.FILE {C:/Users/Administrator/Documents/GitHub/Piano/piano.runs/impl_1/learning_mode.bit} [get_hw_devices xc7a35t_0]
program_hw_devices [get_hw_devices xc7a35t_0]
refresh_hw_device [lindex [get_hw_devices xc7a35t_0] 0]
