Copyright 1986-2017 Xilinx, Inc. All Rights Reserved.
---------------------------------------------------------------------------------------
| Tool Version : Vivado v.2017.4 (win64) Build 2086221 Fri Dec 15 20:55:39 MST 2017
| Date         : Wed Dec 27 23:25:16 2023
| Host         : S210-02 running 64-bit major release  (build 9200)
| Command      : report_control_sets -verbose -file learn_mode_control_sets_placed.rpt
| Design       : learn_mode
| Device       : xc7a35t
---------------------------------------------------------------------------------------

Control Set Information

Table of Contents
-----------------
1. Summary
2. Flip-Flop Distribution
3. Detailed Control Set Information

1. Summary
----------

+----------------------------------------------------------+-------+
|                          Status                          | Count |
+----------------------------------------------------------+-------+
| Number of unique control sets                            |    93 |
| Unused register locations in slices containing registers |   444 |
+----------------------------------------------------------+-------+


2. Flip-Flop Distribution
-------------------------

+--------------+-----------------------+------------------------+-----------------+--------------+
| Clock Enable | Synchronous Set/Reset | Asynchronous Set/Reset | Total Registers | Total Slices |
+--------------+-----------------------+------------------------+-----------------+--------------+
| No           | No                    | No                     |              74 |           45 |
| No           | No                    | Yes                    |             364 |          127 |
| No           | Yes                   | No                     |              51 |           18 |
| Yes          | No                    | No                     |              46 |           24 |
| Yes          | No                    | Yes                    |             381 |          162 |
| Yes          | Yes                   | No                     |              56 |           21 |
+--------------+-----------------------+------------------------+-----------------+--------------+


3. Detailed Control Set Information
-----------------------------------

+-----------------------------------------+--------------------------------+----------------------------------------+------------------+----------------+
|               Clock Signal              |          Enable Signal         |            Set/Reset Signal            | Slice Load Count | Bel Load Count |
+-----------------------------------------+--------------------------------+----------------------------------------+------------------+----------------+
|  clk_IBUF_BUFG                          |                                | guide_lights_holder_reg[4]_LDC_i_2_n_0 |                1 |              1 |
|  guide_lights_holder_reg[4]_LDC_i_1_n_0 |                                | guide_lights_holder_reg[4]_LDC_i_2_n_0 |                1 |              1 |
|  clk_IBUF_BUFG                          | debounce1/key_out_i_1__0_n_0   | debounce0/cnt_start_reg_0              |                1 |              1 |
|  clk_IBUF_BUFG                          | debounce2/key_out_i_1__1_n_0   | debounce0/cnt_start_reg_0              |                1 |              1 |
|  clk_IBUF_BUFG                          | debounce3/key_out_i_1__2_n_0   | debounce0/cnt_start_reg_0              |                1 |              1 |
|  clk_IBUF_BUFG                          | debounce4/key_out_i_1__3_n_0   | debounce7/cnt_start_reg_0              |                1 |              1 |
|  guide_lights_holder_reg[2]_LDC_i_1_n_0 |                                | guide_lights_holder_reg[2]_LDC_i_2_n_0 |                1 |              1 |
|  clk_IBUF_BUFG                          | idlelearn_btn_i_1_n_0          |                                        |                1 |              1 |
|  clk_IBUF_BUFG                          | debounce6/key_out_i_1__5_n_0   | debounce7/cnt_start_reg_0              |                1 |              1 |
|  clk_IBUF_BUFG                          | debounce7/key_out_i_1__6_n_0   | debounce7/cnt_start_reg_0              |                1 |              1 |
|  clk_IBUF_BUFG                          | ssdebounce/state[0]            | debounce0/cnt_start_reg_0              |                1 |              1 |
|  clk_IBUF_BUFG                          | debounce5/key_out_i_1__4_n_0   | debounce7/cnt_start_reg_0              |                1 |              1 |
|  clk_IBUF_BUFG                          | update_btn/state[0]            | c2/div_cnt_reg[31]_0                   |                1 |              1 |
|  clk_IBUF_BUFG                          | user_btn/state_0[0]            | debounce0/cnt_start_reg_0              |                1 |              1 |
|  clk_IBUF_BUFG                          | debounce0/key_out_i_1_n_0      | debounce0/cnt_start_reg_0              |                1 |              1 |
|  clk_IBUF_BUFG                          | clear_btn/state[0]             | debounce0/cnt_start_reg_0              |                1 |              1 |
|  clk_IBUF_BUFG                          |                                | guide_lights_holder_reg[6]_LDC_i_2_n_0 |                1 |              1 |
|  clk_IBUF_BUFG                          |                                | guide_lights_holder_reg[0]_LDC_i_2_n_0 |                1 |              1 |
|  clk_IBUF_BUFG                          |                                | guide_lights_holder_reg[2]_LDC_i_2_n_0 |                1 |              1 |
|  clk_IBUF_BUFG                          |                                | guide_lights_holder_reg[1]_LDC_i_2_n_0 |                1 |              1 |
|  clk_IBUF_BUFG                          |                                | guide_lights_holder_reg[3]_LDC_i_2_n_0 |                1 |              1 |
|  clk_IBUF_BUFG                          |                                | guide_lights_holder_reg[5]_LDC_i_2_n_0 |                1 |              1 |
|  clk_IBUF_BUFG                          | evalbutton/state_0[0]          | debounce0/cnt_start_reg_0              |                1 |              1 |
|  clk_IBUF_BUFG                          | debounce20/state[0]            | debounce23/state_reg[0]_0              |                1 |              1 |
|  clk_IBUF_BUFG                          | debounce22/state[0]            | debounce23/state_reg[0]_0              |                1 |              1 |
|  clk_IBUF_BUFG                          | evaluate_btn11_out             |                                        |                1 |              1 |
|  guide_lights_holder_reg[0]_LDC_i_1_n_0 |                                | guide_lights_holder_reg[0]_LDC_i_2_n_0 |                1 |              1 |
|  clk_IBUF_BUFG                          | debounce24/state[0]            | debounce23/state_reg[0]_0              |                1 |              1 |
|  guide_lights_holder_reg[6]_LDC_i_1_n_0 |                                | guide_lights_holder_reg[6]_LDC_i_2_n_0 |                1 |              1 |
|  guide_lights_holder_reg[5]_LDC_i_1_n_0 |                                | guide_lights_holder_reg[5]_LDC_i_2_n_0 |                1 |              1 |
|  clk_IBUF_BUFG                          | debounce26/guide_lights_holder | guide_lights_holder_reg[0]_LDC_i_1_n_0 |                1 |              1 |
|  clk_IBUF_BUFG                          | debounce26/guide_lights_holder | guide_lights_holder_reg[6]_LDC_i_1_n_0 |                1 |              1 |
|  clk_IBUF_BUFG                          | debounce26/guide_lights_holder | guide_lights_holder_reg[5]_LDC_i_1_n_0 |                1 |              1 |
|  clk_IBUF_BUFG                          | debounce26/guide_lights_holder | guide_lights_holder_reg[3]_LDC_i_1_n_0 |                1 |              1 |
|  clk_IBUF_BUFG                          | debounce26/guide_lights_holder | guide_lights_holder_reg[1]_LDC_i_1_n_0 |                1 |              1 |
|  clk_IBUF_BUFG                          | debounce26/guide_lights_holder | guide_lights_holder_reg[4]_LDC_i_1_n_0 |                1 |              1 |
|  clk_IBUF_BUFG                          | debounce26/guide_lights_holder | guide_lights_holder_reg[2]_LDC_i_1_n_0 |                1 |              1 |
|  guide_lights_holder_reg[3]_LDC_i_1_n_0 |                                | guide_lights_holder_reg[3]_LDC_i_2_n_0 |                1 |              1 |
|  clk_IBUF_BUFG                          | debounce26/state[0]            | debounce23/state_reg[0]_0              |                1 |              1 |
|  guide_lights_holder_reg[1]_LDC_i_1_n_0 |                                | guide_lights_holder_reg[1]_LDC_i_2_n_0 |                1 |              1 |
|  song2/interval_reg[1]_i_2__0_n_0       |                                |                                        |                1 |              2 |
|  song1/interval_reg[1]_i_2_n_0          |                                |                                        |                1 |              2 |
|  clk_IBUF_BUFG                          | select_song_btn                |                                        |                1 |              2 |
|  clk_IBUF_BUFG                          | debounce21/state[0]            | debounce20/state_reg[0]_0              |                1 |              2 |
|  tb/clkout_reg_n_0                      |                                | c2/div_cnt_reg[31]_0                   |                1 |              3 |
|  clk_IBUF_BUFG                          | clear_btn/state[0]             | user_btn/state_reg[0]_0                |                1 |              3 |
|  clk_IBUF_BUFG                          | userbtn                        |                                        |                1 |              3 |
|  clk_IBUF_BUFG                          | debounce26/E[0]                | debounce0/cnt_start_reg_0              |                2 |              4 |
|  clk_IBUF_BUFG                          | l7/data3[5]_i_1_n_0            | l7/data4[5]_i_1_n_0                    |                1 |              4 |
|  clk_IBUF_BUFG                          | l7/data4[5]_i_2_n_0            | l7/data4[5]_i_1_n_0                    |                1 |              4 |
|  clk_IBUF_BUFG                          | debounce5/E[0]                 | debounce1/cnt_start_reg_0              |                1 |              4 |
|  clk_IBUF_BUFG                          | l7/data2[5]_i_1_n_0            | state[1]                               |                3 |              5 |
|  c2/CLK                                 |                                |                                        |                1 |              5 |
|  clk_IBUF_BUFG                          | l7/E[0]                        | l7/data1[4]_i_1_n_0                    |                5 |              5 |
|  clk_IBUF_BUFG                          | debounce0/E[0]                 | debounce0/cnt_start_reg_0              |                2 |              6 |
|  clk_IBUF_BUFG                          | l7/data7[3]_i_2_n_0            | l7/data7[3]_i_1_n_0                    |                2 |              6 |
|  clk_IBUF_BUFG                          | guide_lights[6]_P_i_1_n_0      |                                        |                4 |              7 |
|  tb/Q[2]                                |                                |                                        |                3 |              8 |
| ~tb/Q[2]                                |                                |                                        |                4 |              8 |
|  clk_IBUF_BUFG                          | acc/user1_rating1[3]_i_2_n_0   | acc/user1_rating1[3]_i_1_n_0           |                2 |              8 |
|  clk_IBUF_BUFG                          | acc/user3_rating1[3]_i_2_n_0   | acc/user3_rating1[3]_i_1_n_0           |                2 |              8 |
|  clk_IBUF_BUFG                          | acc/user0_rating1[3]_i_2_n_0   | acc/user0_rating1[3]_i_1_n_0           |                3 |              8 |
|  clk_IBUF_BUFG                          |                                | debouncelb/state_reg[0]_0              |                4 |              8 |
|  clk_IBUF_BUFG                          | acc/user2_rating1[3]_i_2_n_0   | acc/user2_rating1[3]_i_1_n_0           |                2 |              8 |
|  clk_IBUF_BUFG                          |                                | debounce23/state_reg[0]_0              |                6 |             10 |
|  clk_IBUF_BUFG                          | reset_IBUF                     |                                        |                3 |             10 |
|  clk_IBUF_BUFG                          | play/frequency[10]_i_1_n_0     |                                        |                9 |             11 |
|  clk_IBUF_BUFG                          | prev[7]_i_1_n_0                |                                        |                4 |             11 |
|  clk_IBUF_BUFG                          |                                | state[1]                               |                3 |             12 |
|  clk_IBUF_BUFG                          |                                | debounce20/state_reg[0]_0              |                8 |             14 |
|  clk_IBUF_BUFG                          |                                | user_btn/state_reg[0]_0                |                7 |             14 |
|  clk_IBUF_BUFG                          | clear_btn/state[0]             | debounce1/cnt_start_reg_0              |                6 |             18 |
|  clk_IBUF_BUFG                          | debounce21/state[0]            | debounce23/state_reg[0]_0              |                8 |             20 |
|  clk_IBUF_BUFG                          | evalbutton/state_0[0]          | user_btn/state_reg[0]_0                |                8 |             21 |
|  clk_IBUF_BUFG                          | update_btn/state[0]            | user_btn/state_reg[0]_0                |                7 |             21 |
|  clk_IBUF_BUFG                          | user_btn/state_0[0]            | user_btn/state_reg[0]_0                |                9 |             21 |
|  clk_IBUF_BUFG                          | debounce26/state[0]            | debounce20/state_reg[0]_0              |                9 |             21 |
|  clk_IBUF_BUFG                          | debounce24/state[0]            | debounce20/state_reg[0]_0              |                8 |             21 |
|  clk_IBUF_BUFG                          | debounce22/state[0]            | debounce20/state_reg[0]_0              |                9 |             21 |
|  clk_IBUF_BUFG                          | debounce20/state[0]            | debounce20/state_reg[0]_0              |                9 |             21 |
|  clk_IBUF_BUFG                          | ssdebounce/state[0]            | user_btn/state_reg[0]_0                |                7 |             21 |
|  clk_IBUF_BUFG                          | debouncemb/state[0]            | debouncelb/state_reg[0]_0              |                8 |             22 |
|  clk_IBUF_BUFG                          | debouncehb/state[0]            | debouncelb/state_reg[0]_0              |                8 |             22 |
|  clk_IBUF_BUFG                          | debounce27/state[0]            | debounce23/state_reg[0]_0              |               10 |             22 |
|  clk_IBUF_BUFG                          | debounce25/state[0]            | debounce23/state_reg[0]_0              |                8 |             22 |
|  clk_IBUF_BUFG                          | debounce23/state[0]            | debounce23/state_reg[0]_0              |                8 |             22 |
|  clk_IBUF_BUFG                          | debouncelb/state[0]            | debouncelb/state_reg[0]_0              |                9 |             22 |
|  clk_IBUF_BUFG                          |                                | gm/counter[0]_i_1_n_0                  |                8 |             32 |
|  clk_IBUF_BUFG                          |                                |                                        |               35 |             49 |
|  clk_IBUF_BUFG                          |                                | c2/div_cnt_reg[31]_0                   |               15 |             54 |
|  clk_IBUF_BUFG                          |                                | debounce1/cnt_start_reg_0              |               23 |             79 |
|  clk_IBUF_BUFG                          |                                | debounce0/cnt_start_reg_0              |               28 |             83 |
|  clk_IBUF_BUFG                          |                                | debounce7/cnt_start_reg_0              |               28 |             92 |
+-----------------------------------------+--------------------------------+----------------------------------------+------------------+----------------+


+--------+-----------------------+
| Fanout | Number of ControlSets |
+--------+-----------------------+
| 1      |                    40 |
| 2      |                     4 |
| 3      |                     3 |
| 4      |                     4 |
| 5      |                     3 |
| 6      |                     2 |
| 7      |                     1 |
| 8      |                     7 |
| 10     |                     2 |
| 11     |                     2 |
| 12     |                     1 |
| 14     |                     2 |
| 16+    |                    22 |
+--------+-----------------------+


